seqID12_4
seqID8_3 seqID9_1
seqID2_2 seqID4_1 seqID5_1
seqID6_2
seqID1_1
